../../images/construction/arabe.tga
../../images/construction/badhouse.tga
../../images/construction/future01.tga
../../images/construction/future02.tga
../../images/construction/marte01.tga
../../images/construction/outpost1.tga
../../images/construction/outside.tga
../../images/construction/relic.tga
../../images/construction/stone01.tga
../../images/construction/stone02.tga
../../images/construction/stones01.tga
../../images/construction/tank01.tga
../../images/construction/tank02.tga
../../images/guns/bird.tga
../../images/guns/cannon.tga
../../images/guns/coke.tga
../../images/guns/fireball.tga
../../images/guns/fire.tga
../../images/guns/knife.tga
../../images/guns/laser.tga
../../images/guns/missil.tga
../../images/guns/mod0.tga
../../images/guns/mod1.tga
../../images/guns/mod2.tga
../../images/guns/mod3.tga
../../images/guns/mod4.tga
../../images/guns/plasma.tga
../../images/player/f01.tga
../../images/player/p0001.tga
../../images/player/p0002.tga
../../images/player/p0003.tga
../../images/enemy/bugz.tga
../../images/enemy/dragon01.tga
../../images/enemy/dragon02.tga
../../images/enemy/dragon03.tga
../../images/enemy/gdragon1.tga
../../images/enemy/gdragon2.tga
../../images/enemy/gunship1.tga
../../images/enemy/gunship2.tga
../../images/enemy/gunship3.tga
../../images/enemy/gunship4.tga
../../images/enemy/gunship5.tga
../../images/enemy/heavy.tga
../../images/enemy/little.tga
../../images/enemy/lspace01.tga
../../images/enemy/lwing.tga
../../images/enemy/planer1.tga
../../images/enemy/planer2.tga
../../images/enemy/planer3.tga
../../images/enemy/planer4.tga
../../images/enemy/planer5.tga
../../images/enemy/planer6.tga
../../images/enemy/planer7.tga
../../images/enemy/redcar01.tga
../../images/enemy/rocket.tga
../../images/enemy/space001.tga
../../images/enemy/stone1.tga
../../images/enemy/stone2.tga
../../images/enemy/stone3.tga
../../images/enemy/stone4.tga
../../images/enemy/stone5.tga
../../images/enemy/stone6.tga
../../images/enemy/stone7.tga
../../images/enemy/threefly.tga
../../images/enemy/truck1.tga
../../images/enemy/wing.tga
../../images/enemy/p0001.tga
../../images/grounds/desert.tga
../../images/grounds/grass.tga
../../images/grounds/space.tga
../../images/grounds/stone.tga
../../images/explosion/kaboom01.tga
../../images/explosion/kaboom02.tga
../../images/explosion/kaboom03.tga
../../images/explosion/kaboom04.tga
../../images/explosion/kaboom05.tga
../../images/explosion/kaboom06.tga
../../images/explosion/kaboom.tga
../../images/bonus/energy2.tga
../../images/bonus/energy.tga
../../images/bonus/life.tga
../../images/bonus/money2.tga
../../images/bonus/money.tga
../../images/munition/bird.tga
../../images/munition/cannon.tga
../../images/munition/coke.tga
../../images/munition/fireball.tga
../../images/munition/fire.tga
../../images/munition/knife.tga
../../images/munition/laser.tga
../../images/munition/missil.tga
../../images/munition/plasma.tga
